{"sessionId":"1208ff","hypothesisId":"C","location":"FileProcessingConsumer.java:onFileIngested","message":"message received","data":{"syncJobId":5,"path":"/tmp/a.csv"},"timestamp":1785423914145}
{"sessionId":"1208ff","hypothesisId":"E","location":"FileProcessingConsumer.java:onFileIngested","message":"pipeline completed","data":{"syncJobId":5},"timestamp":1785423914160}
{"sessionId":"1208ff","hypothesisId":"C","location":"FileProcessingConsumer.java:onFileIngested","message":"message received","data":{"syncJobId":5,"path":"/tmp/a.csv"},"timestamp":1785423914190}
{"sessionId":"1208ff","hypothesisId":"C","location":"FileProcessingConsumer.java:onFileIngested","message":"lock not acquired, skipping","data":{"syncJobId":5},"timestamp":1785423914191}
{"sessionId":"1208ff","hypothesisId":"E","location":"FileProcessingPipeline.java:process","message":"processing started","data":{"syncJobId":7,"path":"C:/staging/flights.csv"},"timestamp":1785423920959}
{"sessionId":"1208ff","hypothesisId":"E","location":"FileProcessingPipeline.java:archiveSafely","message":"archive failed","data":{"error":"IOException","message":"archive unavailable"},"timestamp":1785423920961}
{"sessionId":"1208ff","hypothesisId":"E","location":"FileProcessingPipeline.java:process","message":"archive attempted","data":{"syncJobId":7,"archivedPath":null},"timestamp":1785423920961}
{"sessionId":"1208ff","hypothesisId":"E","location":"FileProcessingPipeline.java:process","message":"processing started","data":{"syncJobId":7,"path":"C:/staging/flights.csv"},"timestamp":1785423920967}
{"sessionId":"1208ff","hypothesisId":"E","location":"FileProcessingPipeline.java:process","message":"processing started","data":{"syncJobId":7,"path":"C:/staging/flights.csv"},"timestamp":1785423920991}
{"sessionId":"1208ff","hypothesisId":"E","location":"FileProcessingPipeline.java:process","message":"archive attempted","data":{"syncJobId":7,"archivedPath":"C:\\archive\\processed.csv"},"timestamp":1785423920992}
{"sessionId":"1208ff","hypothesisId":"C","location":"FileProcessingConsumer.java:onFileIngested","message":"message received","data":{"syncJobId":5,"path":"/tmp/a.csv"},"timestamp":1785471319321}
{"sessionId":"1208ff","hypothesisId":"E","location":"FileProcessingConsumer.java:onFileIngested","message":"pipeline completed","data":{"syncJobId":5},"timestamp":1785471319338}
{"sessionId":"1208ff","hypothesisId":"C","location":"FileProcessingConsumer.java:onFileIngested","message":"message received","data":{"syncJobId":5,"path":"/tmp/a.csv"},"timestamp":1785471319380}
{"sessionId":"1208ff","hypothesisId":"C","location":"FileProcessingConsumer.java:onFileIngested","message":"lock not acquired, skipping","data":{"syncJobId":5},"timestamp":1785471319381}
{"sessionId":"1208ff","hypothesisId":"E","location":"FileProcessingPipeline.java:process","message":"processing started","data":{"syncJobId":7,"path":"C:/staging/flights.csv"},"timestamp":1785471326842}
{"sessionId":"1208ff","hypothesisId":"E","location":"FileProcessingPipeline.java:archiveSafely","message":"archive failed","data":{"error":"IOException","message":"archive unavailable"},"timestamp":1785471326842}
{"sessionId":"1208ff","hypothesisId":"E","location":"FileProcessingPipeline.java:process","message":"archive attempted","data":{"syncJobId":7,"archivedPath":null},"timestamp":1785471326842}
{"sessionId":"1208ff","hypothesisId":"E","location":"FileProcessingPipeline.java:process","message":"processing started","data":{"syncJobId":7,"path":"C:/staging/flights.csv"},"timestamp":1785471326860}
{"sessionId":"1208ff","hypothesisId":"E","location":"FileProcessingPipeline.java:process","message":"processing started","data":{"syncJobId":7,"path":"C:/staging/flights.csv"},"timestamp":1785471326885}
{"sessionId":"1208ff","hypothesisId":"E","location":"FileProcessingPipeline.java:process","message":"archive attempted","data":{"syncJobId":7,"archivedPath":"C:\\archive\\processed.csv"},"timestamp":1785471326886}
{"sessionId":"1208ff","hypothesisId":"C","location":"FileProcessingConsumer.java:onFileIngested","message":"message received","data":{"syncJobId":5,"path":"/tmp/a.csv"},"timestamp":1785471758772}
{"sessionId":"1208ff","hypothesisId":"E","location":"FileProcessingConsumer.java:onFileIngested","message":"pipeline completed","data":{"syncJobId":5},"timestamp":1785471758787}
{"sessionId":"1208ff","hypothesisId":"C","location":"FileProcessingConsumer.java:onFileIngested","message":"message received","data":{"syncJobId":5,"path":"/tmp/a.csv"},"timestamp":1785471758828}
{"sessionId":"1208ff","hypothesisId":"C","location":"FileProcessingConsumer.java:onFileIngested","message":"lock not acquired, skipping","data":{"syncJobId":5},"timestamp":1785471758829}
{"sessionId":"1208ff","hypothesisId":"E","location":"FileProcessingPipeline.java:process","message":"processing started","data":{"syncJobId":7,"path":"C:/staging/flights.csv"},"timestamp":1785471766104}
{"sessionId":"1208ff","hypothesisId":"E","location":"FileProcessingPipeline.java:archiveSafely","message":"archive failed","data":{"error":"IOException","message":"archive unavailable"},"timestamp":1785471766104}
{"sessionId":"1208ff","hypothesisId":"E","location":"FileProcessingPipeline.java:process","message":"archive attempted","data":{"syncJobId":7,"archivedPath":null},"timestamp":1785471766104}
{"sessionId":"1208ff","hypothesisId":"E","location":"FileProcessingPipeline.java:process","message":"processing started","data":{"syncJobId":7,"path":"C:/staging/flights.csv"},"timestamp":1785471766121}
{"sessionId":"1208ff","hypothesisId":"E","location":"FileProcessingPipeline.java:process","message":"processing started","data":{"syncJobId":7,"path":"C:/staging/flights.csv"},"timestamp":1785471766159}
{"sessionId":"1208ff","hypothesisId":"E","location":"FileProcessingPipeline.java:process","message":"archive attempted","data":{"syncJobId":7,"archivedPath":"C:\\archive\\processed.csv"},"timestamp":1785471766160}
{"sessionId":"1208ff","hypothesisId":"C","location":"FileProcessingConsumer.java:onFileIngested","message":"message received","data":{"syncJobId":5,"path":"/tmp/a.csv"},"timestamp":1785477900827}
{"sessionId":"1208ff","hypothesisId":"E","location":"FileProcessingConsumer.java:onFileIngested","message":"pipeline completed","data":{"syncJobId":5},"timestamp":1785477900841}
{"sessionId":"1208ff","hypothesisId":"C","location":"FileProcessingConsumer.java:onFileIngested","message":"message received","data":{"syncJobId":5,"path":"/tmp/a.csv"},"timestamp":1785477900884}
{"sessionId":"1208ff","hypothesisId":"C","location":"FileProcessingConsumer.java:onFileIngested","message":"lock not acquired, skipping","data":{"syncJobId":5},"timestamp":1785477900885}
{"sessionId":"1208ff","hypothesisId":"E","location":"FileProcessingPipeline.java:process","message":"processing started","data":{"syncJobId":7,"path":"C:/staging/flights.csv"},"timestamp":1785477908354}
{"sessionId":"1208ff","hypothesisId":"E","location":"FileProcessingPipeline.java:archiveSafely","message":"archive failed","data":{"error":"IOException","message":"archive unavailable"},"timestamp":1785477908358}
{"sessionId":"1208ff","hypothesisId":"E","location":"FileProcessingPipeline.java:process","message":"archive attempted","data":{"syncJobId":7,"archivedPath":null},"timestamp":1785477908358}
{"sessionId":"1208ff","hypothesisId":"E","location":"FileProcessingPipeline.java:process","message":"processing started","data":{"syncJobId":7,"path":"C:/staging/flights.csv"},"timestamp":1785477908360}
{"sessionId":"1208ff","hypothesisId":"E","location":"FileProcessingPipeline.java:process","message":"processing started","data":{"syncJobId":7,"path":"C:/staging/flights.csv"},"timestamp":1785477908389}
{"sessionId":"1208ff","hypothesisId":"E","location":"FileProcessingPipeline.java:process","message":"archive attempted","data":{"syncJobId":7,"archivedPath":"C:\\archive\\processed.csv"},"timestamp":1785477908390}
{"sessionId":"1208ff","hypothesisId":"C","location":"FileProcessingConsumer.java:onFileIngested","message":"message received","data":{"syncJobId":5,"path":"/tmp/a.csv"},"timestamp":1785490300455}
{"sessionId":"1208ff","hypothesisId":"E","location":"FileProcessingConsumer.java:onFileIngested","message":"pipeline completed","data":{"syncJobId":5},"timestamp":1785490300474}
{"sessionId":"1208ff","hypothesisId":"C","location":"FileProcessingConsumer.java:onFileIngested","message":"message received","data":{"syncJobId":5,"path":"/tmp/a.csv"},"timestamp":1785490300502}
{"sessionId":"1208ff","hypothesisId":"C","location":"FileProcessingConsumer.java:onFileIngested","message":"lock not acquired, skipping","data":{"syncJobId":5},"timestamp":1785490300502}
{"sessionId":"1208ff","hypothesisId":"E","location":"FileProcessingPipeline.java:process","message":"processing started","data":{"syncJobId":7,"path":"C:/staging/flights.csv"},"timestamp":1785490308171}
{"sessionId":"1208ff","hypothesisId":"E","location":"FileProcessingPipeline.java:archiveSafely","message":"archive failed","data":{"error":"IOException","message":"archive unavailable"},"timestamp":1785490308173}
{"sessionId":"1208ff","hypothesisId":"E","location":"FileProcessingPipeline.java:process","message":"archive attempted","data":{"syncJobId":7,"archivedPath":null},"timestamp":1785490308174}
{"sessionId":"1208ff","hypothesisId":"E","location":"FileProcessingPipeline.java:process","message":"processing started","data":{"syncJobId":7,"path":"C:/staging/flights.csv"},"timestamp":1785490308182}
{"sessionId":"1208ff","hypothesisId":"E","location":"FileProcessingPipeline.java:process","message":"processing started","data":{"syncJobId":7,"path":"C:/staging/flights.csv"},"timestamp":1785490308204}
{"sessionId":"1208ff","hypothesisId":"E","location":"FileProcessingPipeline.java:process","message":"archive attempted","data":{"syncJobId":7,"archivedPath":"C:\\archive\\processed.csv"},"timestamp":1785490308205}
{"sessionId":"1208ff","hypothesisId":"C","location":"FileProcessingConsumer.java:onFileIngested","message":"message received","data":{"syncJobId":5,"path":"/tmp/a.csv"},"timestamp":1785490435845}
{"sessionId":"1208ff","hypothesisId":"E","location":"FileProcessingConsumer.java:onFileIngested","message":"pipeline completed","data":{"syncJobId":5},"timestamp":1785490435863}
{"sessionId":"1208ff","hypothesisId":"C","location":"FileProcessingConsumer.java:onFileIngested","message":"message received","data":{"syncJobId":5,"path":"/tmp/a.csv"},"timestamp":1785490435901}
{"sessionId":"1208ff","hypothesisId":"C","location":"FileProcessingConsumer.java:onFileIngested","message":"lock not acquired, skipping","data":{"syncJobId":5},"timestamp":1785490435901}
{"sessionId":"1208ff","hypothesisId":"E","location":"FileProcessingPipeline.java:process","message":"processing started","data":{"syncJobId":7,"path":"C:/staging/flights.csv"},"timestamp":1785490443454}
{"sessionId":"1208ff","hypothesisId":"E","location":"FileProcessingPipeline.java:archiveSafely","message":"archive failed","data":{"error":"IOException","message":"archive unavailable"},"timestamp":1785490443459}
{"sessionId":"1208ff","hypothesisId":"E","location":"FileProcessingPipeline.java:process","message":"archive attempted","data":{"syncJobId":7,"archivedPath":null},"timestamp":1785490443460}
{"sessionId":"1208ff","hypothesisId":"E","location":"FileProcessingPipeline.java:process","message":"processing started","data":{"syncJobId":7,"path":"C:/staging/flights.csv"},"timestamp":1785490443469}
{"sessionId":"1208ff","hypothesisId":"E","location":"FileProcessingPipeline.java:process","message":"processing started","data":{"syncJobId":7,"path":"C:/staging/flights.csv"},"timestamp":1785490443508}
{"sessionId":"1208ff","hypothesisId":"E","location":"FileProcessingPipeline.java:process","message":"archive attempted","data":{"syncJobId":7,"archivedPath":"C:\\archive\\processed.csv"},"timestamp":1785490443509}
{"sessionId":"1208ff","hypothesisId":"C","location":"FileProcessingConsumer.java:onFileIngested","message":"message received","data":{"syncJobId":5,"path":"/tmp/a.csv"},"timestamp":1785496733631}
{"sessionId":"1208ff","hypothesisId":"E","location":"FileProcessingConsumer.java:onFileIngested","message":"pipeline completed","data":{"syncJobId":5},"timestamp":1785496733651}
{"sessionId":"1208ff","hypothesisId":"C","location":"FileProcessingConsumer.java:onFileIngested","message":"message received","data":{"syncJobId":5,"path":"/tmp/a.csv"},"timestamp":1785496733699}
{"sessionId":"1208ff","hypothesisId":"C","location":"FileProcessingConsumer.java:onFileIngested","message":"lock not acquired, skipping","data":{"syncJobId":5},"timestamp":1785496733699}
{"sessionId":"1208ff","hypothesisId":"E","location":"FileProcessingPipeline.java:process","message":"processing started","data":{"syncJobId":7,"path":"C:/staging/flights.csv"},"timestamp":1785496741280}
{"sessionId":"1208ff","hypothesisId":"E","location":"FileProcessingPipeline.java:archiveSafely","message":"archive failed","data":{"error":"IOException","message":"archive unavailable"},"timestamp":1785496741280}
{"sessionId":"1208ff","hypothesisId":"E","location":"FileProcessingPipeline.java:process","message":"archive attempted","data":{"syncJobId":7,"archivedPath":null},"timestamp":1785496741280}
{"sessionId":"1208ff","hypothesisId":"E","location":"FileProcessingPipeline.java:process","message":"processing started","data":{"syncJobId":7,"path":"C:/staging/flights.csv"},"timestamp":1785496741287}
{"sessionId":"1208ff","hypothesisId":"E","location":"FileProcessingPipeline.java:process","message":"processing started","data":{"syncJobId":7,"path":"C:/staging/flights.csv"},"timestamp":1785496741302}
{"sessionId":"1208ff","hypothesisId":"E","location":"FileProcessingPipeline.java:process","message":"archive attempted","data":{"syncJobId":7,"archivedPath":"C:\\archive\\processed.csv"},"timestamp":1785496741302}
{"sessionId":"1208ff","hypothesisId":"C","location":"FileProcessingConsumer.java:onFileIngested","message":"message received","data":{"syncJobId":5,"path":"/tmp/a.csv"},"timestamp":1785500904915}
{"sessionId":"1208ff","hypothesisId":"E","location":"FileProcessingConsumer.java:onFileIngested","message":"pipeline completed","data":{"syncJobId":5},"timestamp":1785500904927}
{"sessionId":"1208ff","hypothesisId":"C","location":"FileProcessingConsumer.java:onFileIngested","message":"message received","data":{"syncJobId":5,"path":"/tmp/a.csv"},"timestamp":1785500904955}
{"sessionId":"1208ff","hypothesisId":"C","location":"FileProcessingConsumer.java:onFileIngested","message":"lock not acquired, skipping","data":{"syncJobId":5},"timestamp":1785500904955}
{"sessionId":"1208ff","hypothesisId":"E","location":"FileProcessingPipeline.java:process","message":"processing started","data":{"syncJobId":7,"path":"C:/staging/flights.csv"},"timestamp":1785500912595}
{"sessionId":"1208ff","hypothesisId":"E","location":"FileProcessingPipeline.java:archiveSafely","message":"archive failed","data":{"error":"IOException","message":"archive unavailable"},"timestamp":1785500912597}
{"sessionId":"1208ff","hypothesisId":"E","location":"FileProcessingPipeline.java:process","message":"archive attempted","data":{"syncJobId":7,"archivedPath":null},"timestamp":1785500912597}
{"sessionId":"1208ff","hypothesisId":"E","location":"FileProcessingPipeline.java:process","message":"processing started","data":{"syncJobId":7,"path":"C:/staging/flights.csv"},"timestamp":1785500912606}
{"sessionId":"1208ff","hypothesisId":"E","location":"FileProcessingPipeline.java:process","message":"processing started","data":{"syncJobId":7,"path":"C:/staging/flights.csv"},"timestamp":1785500912626}
{"sessionId":"1208ff","hypothesisId":"E","location":"FileProcessingPipeline.java:process","message":"archive attempted","data":{"syncJobId":7,"archivedPath":"C:\\archive\\processed.csv"},"timestamp":1785500912627}
{"sessionId":"1208ff","hypothesisId":"C","location":"FileProcessingConsumer.java:onFileIngested","message":"message received","data":{"syncJobId":5,"path":"/tmp/a.csv"},"timestamp":1785501062734}
{"sessionId":"1208ff","hypothesisId":"E","location":"FileProcessingConsumer.java:onFileIngested","message":"pipeline completed","data":{"syncJobId":5},"timestamp":1785501062752}
{"sessionId":"1208ff","hypothesisId":"C","location":"FileProcessingConsumer.java:onFileIngested","message":"message received","data":{"syncJobId":5,"path":"/tmp/a.csv"},"timestamp":1785501062785}
{"sessionId":"1208ff","hypothesisId":"C","location":"FileProcessingConsumer.java:onFileIngested","message":"lock not acquired, skipping","data":{"syncJobId":5},"timestamp":1785501062785}
{"sessionId":"1208ff","hypothesisId":"E","location":"FileProcessingPipeline.java:process","message":"processing started","data":{"syncJobId":7,"path":"C:/staging/flights.csv"},"timestamp":1785501070222}
{"sessionId":"1208ff","hypothesisId":"E","location":"FileProcessingPipeline.java:archiveSafely","message":"archive failed","data":{"error":"IOException","message":"archive unavailable"},"timestamp":1785501070224}
{"sessionId":"1208ff","hypothesisId":"E","location":"FileProcessingPipeline.java:process","message":"archive attempted","data":{"syncJobId":7,"archivedPath":null},"timestamp":1785501070224}
{"sessionId":"1208ff","hypothesisId":"E","location":"FileProcessingPipeline.java:process","message":"processing started","data":{"syncJobId":7,"path":"C:/staging/flights.csv"},"timestamp":1785501070231}
{"sessionId":"1208ff","hypothesisId":"E","location":"FileProcessingPipeline.java:process","message":"processing started","data":{"syncJobId":7,"path":"C:/staging/flights.csv"},"timestamp":1785501070251}
{"sessionId":"1208ff","hypothesisId":"E","location":"FileProcessingPipeline.java:process","message":"archive attempted","data":{"syncJobId":7,"archivedPath":"C:\\archive\\processed.csv"},"timestamp":1785501070252}
{"sessionId":"1208ff","hypothesisId":"C","location":"FileProcessingConsumer.java:onFileIngested","message":"message received","data":{"syncJobId":5,"path":"/tmp/a.csv"},"timestamp":1785555167271}
{"sessionId":"1208ff","hypothesisId":"E","location":"FileProcessingConsumer.java:onFileIngested","message":"pipeline completed","data":{"syncJobId":5},"timestamp":1785555167296}
{"sessionId":"1208ff","hypothesisId":"C","location":"FileProcessingConsumer.java:onFileIngested","message":"message received","data":{"syncJobId":5,"path":"/tmp/a.csv"},"timestamp":1785555167334}
{"sessionId":"1208ff","hypothesisId":"C","location":"FileProcessingConsumer.java:onFileIngested","message":"lock not acquired, skipping","data":{"syncJobId":5},"timestamp":1785555167334}
{"sessionId":"1208ff","hypothesisId":"E","location":"FileProcessingPipeline.java:process","message":"processing started","data":{"syncJobId":7,"path":"C:/staging/flights.csv"},"timestamp":1785555175426}
{"sessionId":"1208ff","hypothesisId":"E","location":"FileProcessingPipeline.java:archiveSafely","message":"archive failed","data":{"error":"IOException","message":"archive unavailable"},"timestamp":1785555175426}
{"sessionId":"1208ff","hypothesisId":"E","location":"FileProcessingPipeline.java:process","message":"archive attempted","data":{"syncJobId":7,"archivedPath":null},"timestamp":1785555175426}
{"sessionId":"1208ff","hypothesisId":"E","location":"FileProcessingPipeline.java:process","message":"processing started","data":{"syncJobId":7,"path":"C:/staging/flights.csv"},"timestamp":1785555175426}
{"sessionId":"1208ff","hypothesisId":"E","location":"FileProcessingPipeline.java:process","message":"processing started","data":{"syncJobId":7,"path":"C:/staging/flights.csv"},"timestamp":1785555175448}
{"sessionId":"1208ff","hypothesisId":"E","location":"FileProcessingPipeline.java:process","message":"archive attempted","data":{"syncJobId":7,"archivedPath":"C:\\archive\\processed.csv"},"timestamp":1785555175448}
{"sessionId":"1208ff","hypothesisId":"C","location":"FileProcessingConsumer.java:onFileIngested","message":"message received","data":{"syncJobId":5,"path":"/tmp/a.csv"},"timestamp":1785567219010}
{"sessionId":"1208ff","hypothesisId":"E","location":"FileProcessingConsumer.java:onFileIngested","message":"pipeline completed","data":{"syncJobId":5},"timestamp":1785567219041}
{"sessionId":"1208ff","hypothesisId":"C","location":"FileProcessingConsumer.java:onFileIngested","message":"message received","data":{"syncJobId":5,"path":"/tmp/a.csv"},"timestamp":1785567219078}
{"sessionId":"1208ff","hypothesisId":"C","location":"FileProcessingConsumer.java:onFileIngested","message":"lock not acquired, skipping","data":{"syncJobId":5},"timestamp":1785567219078}
{"sessionId":"1208ff","hypothesisId":"E","location":"FileProcessingPipeline.java:process","message":"processing started","data":{"syncJobId":7,"path":"C:/staging/flights.csv"},"timestamp":1785567226731}
{"sessionId":"1208ff","hypothesisId":"E","location":"FileProcessingPipeline.java:archiveSafely","message":"archive failed","data":{"error":"IOException","message":"archive unavailable"},"timestamp":1785567226734}
{"sessionId":"1208ff","hypothesisId":"E","location":"FileProcessingPipeline.java:process","message":"archive attempted","data":{"syncJobId":7,"archivedPath":null},"timestamp":1785567226735}
{"sessionId":"1208ff","hypothesisId":"E","location":"FileProcessingPipeline.java:process","message":"processing started","data":{"syncJobId":7,"path":"C:/staging/flights.csv"},"timestamp":1785567226744}
{"sessionId":"1208ff","hypothesisId":"E","location":"FileProcessingPipeline.java:process","message":"processing started","data":{"syncJobId":7,"path":"C:/staging/flights.csv"},"timestamp":1785567226771}
{"sessionId":"1208ff","hypothesisId":"E","location":"FileProcessingPipeline.java:process","message":"archive attempted","data":{"syncJobId":7,"archivedPath":"C:\\archive\\processed.csv"},"timestamp":1785567226772}
{"sessionId":"1208ff","hypothesisId":"C","location":"FileProcessingConsumer.java:onFileIngested","message":"message received","data":{"syncJobId":5,"path":"/tmp/a.csv"},"timestamp":1785567563243}
{"sessionId":"1208ff","hypothesisId":"E","location":"FileProcessingConsumer.java:onFileIngested","message":"pipeline completed","data":{"syncJobId":5},"timestamp":1785567563272}
{"sessionId":"1208ff","hypothesisId":"C","location":"FileProcessingConsumer.java:onFileIngested","message":"message received","data":{"syncJobId":5,"path":"/tmp/a.csv"},"timestamp":1785567563320}
{"sessionId":"1208ff","hypothesisId":"C","location":"FileProcessingConsumer.java:onFileIngested","message":"lock not acquired, skipping","data":{"syncJobId":5},"timestamp":1785567563320}
{"sessionId":"1208ff","hypothesisId":"E","location":"FileProcessingPipeline.java:process","message":"processing started","data":{"syncJobId":7,"path":"C:/staging/flights.csv"},"timestamp":1785567570804}
{"sessionId":"1208ff","hypothesisId":"E","location":"FileProcessingPipeline.java:archiveSafely","message":"archive failed","data":{"error":"IOException","message":"archive unavailable"},"timestamp":1785567570807}
{"sessionId":"1208ff","hypothesisId":"E","location":"FileProcessingPipeline.java:process","message":"archive attempted","data":{"syncJobId":7,"archivedPath":null},"timestamp":1785567570807}
{"sessionId":"1208ff","hypothesisId":"E","location":"FileProcessingPipeline.java:process","message":"processing started","data":{"syncJobId":7,"path":"C:/staging/flights.csv"},"timestamp":1785567570815}
{"sessionId":"1208ff","hypothesisId":"E","location":"FileProcessingPipeline.java:process","message":"processing started","data":{"syncJobId":7,"path":"C:/staging/flights.csv"},"timestamp":1785567570835}
{"sessionId":"1208ff","hypothesisId":"E","location":"FileProcessingPipeline.java:process","message":"archive attempted","data":{"syncJobId":7,"archivedPath":"C:\\archive\\processed.csv"},"timestamp":1785567570836}
{"sessionId":"1208ff","hypothesisId":"C","location":"FileProcessingConsumer.java:onFileIngested","message":"message received","data":{"syncJobId":5,"path":"/tmp/a.csv"},"timestamp":1785726418637}
{"sessionId":"1208ff","hypothesisId":"E","location":"FileProcessingConsumer.java:onFileIngested","message":"pipeline completed","data":{"syncJobId":5},"timestamp":1785726418654}
{"sessionId":"1208ff","hypothesisId":"C","location":"FileProcessingConsumer.java:onFileIngested","message":"message received","data":{"syncJobId":5,"path":"/tmp/a.csv"},"timestamp":1785726418690}
{"sessionId":"1208ff","hypothesisId":"C","location":"FileProcessingConsumer.java:onFileIngested","message":"lock not acquired, skipping","data":{"syncJobId":5},"timestamp":1785726418691}
{"sessionId":"1208ff","hypothesisId":"E","location":"FileProcessingPipeline.java:process","message":"processing started","data":{"syncJobId":7,"path":"C:/staging/flights.csv"},"timestamp":1785726427379}
{"sessionId":"1208ff","hypothesisId":"E","location":"FileProcessingPipeline.java:archiveSafely","message":"archive failed","data":{"error":"IOException","message":"archive unavailable"},"timestamp":1785726427382}
{"sessionId":"1208ff","hypothesisId":"E","location":"FileProcessingPipeline.java:process","message":"archive attempted","data":{"syncJobId":7,"archivedPath":null},"timestamp":1785726427382}
{"sessionId":"1208ff","hypothesisId":"E","location":"FileProcessingPipeline.java:process","message":"processing started","data":{"syncJobId":7,"path":"C:/staging/flights.csv"},"timestamp":1785726427389}
{"sessionId":"1208ff","hypothesisId":"E","location":"FileProcessingPipeline.java:process","message":"processing started","data":{"syncJobId":7,"path":"C:/staging/flights.csv"},"timestamp":1785726427409}
{"sessionId":"1208ff","hypothesisId":"E","location":"FileProcessingPipeline.java:process","message":"archive attempted","data":{"syncJobId":7,"archivedPath":"C:\\archive\\processed.csv"},"timestamp":1785726427410}
{"sessionId":"1208ff","hypothesisId":"E","location":"FileProcessingPipeline.java:process","message":"processing started","data":{"syncJobId":7,"path":"C:/staging/flights.csv"},"timestamp":1785728404432}
{"sessionId":"1208ff","hypothesisId":"E","location":"FileProcessingPipeline.java:process","message":"archive attempted","data":{"syncJobId":7,"archivedPath":"C:\\archive\\error\\duplicate.csv"},"timestamp":1785728404445}
{"sessionId":"1208ff","hypothesisId":"E","location":"FileProcessingPipeline.java:process","message":"processing started","data":{"syncJobId":7,"path":"C:/staging/flights.csv"},"timestamp":1785728404539}
{"sessionId":"1208ff","hypothesisId":"E","location":"FileProcessingPipeline.java:archiveSafely","message":"archive failed","data":{"error":"IOException","message":"archive unavailable"},"timestamp":1785728404542}
{"sessionId":"1208ff","hypothesisId":"E","location":"FileProcessingPipeline.java:process","message":"archive attempted","data":{"syncJobId":7,"archivedPath":null},"timestamp":1785728404542}
{"sessionId":"1208ff","hypothesisId":"E","location":"FileProcessingPipeline.java:process","message":"processing started","data":{"syncJobId":7,"path":"C:/staging/flights.csv"},"timestamp":1785728404555}
{"sessionId":"1208ff","hypothesisId":"E","location":"FileProcessingPipeline.java:process","message":"processing started","data":{"syncJobId":7,"path":"C:/staging/flights.csv"},"timestamp":1785728404611}
{"sessionId":"1208ff","hypothesisId":"E","location":"FileProcessingPipeline.java:process","message":"archive attempted","data":{"syncJobId":7,"archivedPath":"C:\\archive\\processed.csv"},"timestamp":1785728404612}
{"sessionId":"1208ff","hypothesisId":"E","location":"FileProcessingPipeline.java:process","message":"processing started","data":{"syncJobId":7,"path":"C:/staging/flights.csv"},"timestamp":1785728634376}
{"sessionId":"1208ff","hypothesisId":"E","location":"FileProcessingPipeline.java:process","message":"archive attempted","data":{"syncJobId":7,"archivedPath":"C:\\archive\\error\\duplicate.csv"},"timestamp":1785728634394}
{"sessionId":"1208ff","hypothesisId":"E","location":"FileProcessingPipeline.java:process","message":"processing started","data":{"syncJobId":7,"path":"C:/staging/flights.csv"},"timestamp":1785728634491}
{"sessionId":"1208ff","hypothesisId":"E","location":"FileProcessingPipeline.java:archiveSafely","message":"archive failed","data":{"error":"IOException","message":"archive unavailable"},"timestamp":1785728634494}
{"sessionId":"1208ff","hypothesisId":"E","location":"FileProcessingPipeline.java:process","message":"archive attempted","data":{"syncJobId":7,"archivedPath":null},"timestamp":1785728634495}
{"sessionId":"1208ff","hypothesisId":"E","location":"FileProcessingPipeline.java:process","message":"processing started","data":{"syncJobId":7,"path":"C:/staging/flights.csv"},"timestamp":1785728634509}
{"sessionId":"1208ff","hypothesisId":"E","location":"FileProcessingPipeline.java:process","message":"processing started","data":{"syncJobId":7,"path":"C:/staging/flights.csv"},"timestamp":1785728634566}
{"sessionId":"1208ff","hypothesisId":"E","location":"FileProcessingPipeline.java:process","message":"archive attempted","data":{"syncJobId":7,"archivedPath":"C:\\archive\\processed.csv"},"timestamp":1785728634568}
{"sessionId":"1208ff","hypothesisId":"E","location":"FileProcessingPipeline.java:process","message":"processing started","data":{"syncJobId":7,"path":"C:/staging/flights.csv"},"timestamp":1785730645438}
{"sessionId":"1208ff","hypothesisId":"E","location":"FileProcessingPipeline.java:process","message":"archive attempted","data":{"syncJobId":7,"archivedPath":"C:\\archive\\error\\duplicate.csv"},"timestamp":1785730645458}
{"sessionId":"1208ff","hypothesisId":"E","location":"FileProcessingPipeline.java:process","message":"processing started","data":{"syncJobId":7,"path":"C:/staging/flights.csv"},"timestamp":1785730645586}
{"sessionId":"1208ff","hypothesisId":"E","location":"FileProcessingPipeline.java:archiveSafely","message":"archive failed","data":{"error":"IOException","message":"archive unavailable"},"timestamp":1785730645589}
{"sessionId":"1208ff","hypothesisId":"E","location":"FileProcessingPipeline.java:process","message":"archive attempted","data":{"syncJobId":7,"archivedPath":null},"timestamp":1785730645590}
{"sessionId":"1208ff","hypothesisId":"E","location":"FileProcessingPipeline.java:process","message":"processing started","data":{"syncJobId":7,"path":"C:/staging/flights.csv"},"timestamp":1785730645605}
{"sessionId":"1208ff","hypothesisId":"E","location":"FileProcessingPipeline.java:process","message":"processing started","data":{"syncJobId":7,"path":"C:/staging/flights.csv"},"timestamp":1785730645659}
{"sessionId":"1208ff","hypothesisId":"E","location":"FileProcessingPipeline.java:process","message":"archive attempted","data":{"syncJobId":7,"archivedPath":"C:\\archive\\processed.csv"},"timestamp":1785730645661}
{"sessionId":"1208ff","hypothesisId":"E","location":"FileProcessingPipeline.java:process","message":"processing started","data":{"syncJobId":7,"path":"C:/staging/flights.csv"},"timestamp":1785740713953}
{"sessionId":"1208ff","hypothesisId":"E","location":"FileProcessingPipeline.java:process","message":"archive attempted","data":{"syncJobId":7,"archivedPath":"C:\\archive\\error\\duplicate.csv"},"timestamp":1785740713984}
{"sessionId":"1208ff","hypothesisId":"E","location":"FileProcessingPipeline.java:process","message":"processing started","data":{"syncJobId":7,"path":"C:/staging/flights.csv"},"timestamp":1785740714024}
{"sessionId":"1208ff","hypothesisId":"E","location":"FileProcessingPipeline.java:archiveSafely","message":"archive failed","data":{"error":"IOException","message":"archive unavailable"},"timestamp":1785740714027}
{"sessionId":"1208ff","hypothesisId":"E","location":"FileProcessingPipeline.java:process","message":"archive attempted","data":{"syncJobId":7,"archivedPath":null},"timestamp":1785740714028}
{"sessionId":"1208ff","hypothesisId":"E","location":"FileProcessingPipeline.java:process","message":"processing started","data":{"syncJobId":7,"path":"C:/staging/flights.csv"},"timestamp":1785740714043}
{"sessionId":"1208ff","hypothesisId":"E","location":"FileProcessingPipeline.java:process","message":"processing started","data":{"syncJobId":7,"path":"C:/staging/flights.csv"},"timestamp":1785740714112}
{"sessionId":"1208ff","hypothesisId":"E","location":"FileProcessingPipeline.java:process","message":"archive attempted","data":{"syncJobId":7,"archivedPath":"C:\\archive\\processed.csv"},"timestamp":1785740714114}
{"sessionId":"1208ff","hypothesisId":"E","location":"FileProcessingPipeline.java:process","message":"processing started","data":{"syncJobId":7,"path":"C:/staging/flights.csv"},"timestamp":1785740893868}
{"sessionId":"1208ff","hypothesisId":"E","location":"FileProcessingPipeline.java:process","message":"archive attempted","data":{"syncJobId":7,"archivedPath":"C:\\archive\\error\\duplicate.csv"},"timestamp":1785740893883}
{"sessionId":"1208ff","hypothesisId":"E","location":"FileProcessingPipeline.java:process","message":"processing started","data":{"syncJobId":7,"path":"C:/staging/flights.csv"},"timestamp":1785740893983}
{"sessionId":"1208ff","hypothesisId":"E","location":"FileProcessingPipeline.java:archiveSafely","message":"archive failed","data":{"error":"IOException","message":"archive unavailable"},"timestamp":1785740893988}
{"sessionId":"1208ff","hypothesisId":"E","location":"FileProcessingPipeline.java:process","message":"archive attempted","data":{"syncJobId":7,"archivedPath":null},"timestamp":1785740893988}
{"sessionId":"1208ff","hypothesisId":"E","location":"FileProcessingPipeline.java:process","message":"processing started","data":{"syncJobId":7,"path":"C:/staging/flights.csv"},"timestamp":1785740894007}
{"sessionId":"1208ff","hypothesisId":"E","location":"FileProcessingPipeline.java:process","message":"processing started","data":{"syncJobId":7,"path":"C:/staging/flights.csv"},"timestamp":1785740894065}
{"sessionId":"1208ff","hypothesisId":"E","location":"FileProcessingPipeline.java:process","message":"archive attempted","data":{"syncJobId":7,"archivedPath":"C:\\archive\\processed.csv"},"timestamp":1785740894066}
{"sessionId":"1208ff","hypothesisId":"E","location":"FileProcessingPipeline.java:process","message":"processing started","data":{"syncJobId":7,"path":"C:/staging/flights.csv"},"timestamp":1785741235888}
{"sessionId":"1208ff","hypothesisId":"E","location":"FileProcessingPipeline.java:process","message":"archive attempted","data":{"syncJobId":7,"archivedPath":"C:\\archive\\error\\duplicate.csv"},"timestamp":1785741235908}
{"sessionId":"1208ff","hypothesisId":"E","location":"FileProcessingPipeline.java:process","message":"processing started","data":{"syncJobId":7,"path":"C:/staging/flights.csv"},"timestamp":1785741236001}
{"sessionId":"1208ff","hypothesisId":"E","location":"FileProcessingPipeline.java:archiveSafely","message":"archive failed","data":{"error":"IOException","message":"archive unavailable"},"timestamp":1785741236003}
{"sessionId":"1208ff","hypothesisId":"E","location":"FileProcessingPipeline.java:process","message":"archive attempted","data":{"syncJobId":7,"archivedPath":null},"timestamp":1785741236004}
{"sessionId":"1208ff","hypothesisId":"E","location":"FileProcessingPipeline.java:process","message":"processing started","data":{"syncJobId":7,"path":"C:/staging/flights.csv"},"timestamp":1785741236021}
{"sessionId":"1208ff","hypothesisId":"E","location":"FileProcessingPipeline.java:process","message":"processing started","data":{"syncJobId":7,"path":"C:/staging/flights.csv"},"timestamp":1785741236087}
{"sessionId":"1208ff","hypothesisId":"E","location":"FileProcessingPipeline.java:process","message":"archive attempted","data":{"syncJobId":7,"archivedPath":"C:\\archive\\processed.csv"},"timestamp":1785741236088}
{"sessionId":"1208ff","hypothesisId":"E","location":"FileProcessingPipeline.java:process","message":"processing started","data":{"syncJobId":7,"path":"C:/staging/flights.csv"},"timestamp":1785741815279}
{"sessionId":"1208ff","hypothesisId":"E","location":"FileProcessingPipeline.java:process","message":"archive attempted","data":{"syncJobId":7,"archivedPath":"C:\\archive\\error\\duplicate.csv"},"timestamp":1785741815300}
{"sessionId":"1208ff","hypothesisId":"E","location":"FileProcessingPipeline.java:process","message":"processing started","data":{"syncJobId":7,"path":"C:/staging/flights.csv"},"timestamp":1785741815418}
{"sessionId":"1208ff","hypothesisId":"E","location":"FileProcessingPipeline.java:archiveSafely","message":"archive failed","data":{"error":"IOException","message":"archive unavailable"},"timestamp":1785741815421}
{"sessionId":"1208ff","hypothesisId":"E","location":"FileProcessingPipeline.java:process","message":"archive attempted","data":{"syncJobId":7,"archivedPath":null},"timestamp":1785741815421}
{"sessionId":"1208ff","hypothesisId":"E","location":"FileProcessingPipeline.java:process","message":"processing started","data":{"syncJobId":7,"path":"C:/staging/flights.csv"},"timestamp":1785741815435}
{"sessionId":"1208ff","hypothesisId":"E","location":"FileProcessingPipeline.java:process","message":"processing started","data":{"syncJobId":7,"path":"C:/staging/flights.csv"},"timestamp":1785741815492}
{"sessionId":"1208ff","hypothesisId":"E","location":"FileProcessingPipeline.java:process","message":"archive attempted","data":{"syncJobId":7,"archivedPath":"C:\\archive\\processed.csv"},"timestamp":1785741815493}
{"sessionId":"1208ff","hypothesisId":"E","location":"FileProcessingPipeline.java:process","message":"processing started","data":{"syncJobId":7,"path":"C:/staging/flights.csv"},"timestamp":1785741895262}
{"sessionId":"1208ff","hypothesisId":"E","location":"FileProcessingPipeline.java:process","message":"archive attempted","data":{"syncJobId":7,"archivedPath":"C:\\archive\\error\\duplicate.csv"},"timestamp":1785741895280}
{"sessionId":"1208ff","hypothesisId":"E","location":"FileProcessingPipeline.java:process","message":"processing started","data":{"syncJobId":7,"path":"C:/staging/flights.csv"},"timestamp":1785741895324}
{"sessionId":"1208ff","hypothesisId":"E","location":"FileProcessingPipeline.java:archiveSafely","message":"archive failed","data":{"error":"IOException","message":"archive unavailable"},"timestamp":1785741895328}
{"sessionId":"1208ff","hypothesisId":"E","location":"FileProcessingPipeline.java:process","message":"archive attempted","data":{"syncJobId":7,"archivedPath":null},"timestamp":1785741895328}
{"sessionId":"1208ff","hypothesisId":"E","location":"FileProcessingPipeline.java:process","message":"processing started","data":{"syncJobId":7,"path":"C:/staging/flights.csv"},"timestamp":1785741895344}
{"sessionId":"1208ff","hypothesisId":"E","location":"FileProcessingPipeline.java:process","message":"processing started","data":{"syncJobId":7,"path":"C:/staging/flights.csv"},"timestamp":1785741895430}
{"sessionId":"1208ff","hypothesisId":"E","location":"FileProcessingPipeline.java:process","message":"archive attempted","data":{"syncJobId":7,"archivedPath":"C:\\archive\\processed.csv"},"timestamp":1785741895432}
{"sessionId":"1208ff","hypothesisId":"E","location":"FileProcessingPipeline.java:process","message":"processing started","data":{"syncJobId":7,"path":"C:/staging/flights.csv"},"timestamp":1785742035516}
{"sessionId":"1208ff","hypothesisId":"E","location":"FileProcessingPipeline.java:process","message":"archive attempted","data":{"syncJobId":7,"archivedPath":"C:\\archive\\error\\duplicate.csv"},"timestamp":1785742035536}
{"sessionId":"1208ff","hypothesisId":"E","location":"FileProcessingPipeline.java:process","message":"processing started","data":{"syncJobId":7,"path":"C:/staging/flights.csv"},"timestamp":1785742035645}
{"sessionId":"1208ff","hypothesisId":"E","location":"FileProcessingPipeline.java:archiveSafely","message":"archive failed","data":{"error":"IOException","message":"archive unavailable"},"timestamp":1785742035648}
{"sessionId":"1208ff","hypothesisId":"E","location":"FileProcessingPipeline.java:process","message":"archive attempted","data":{"syncJobId":7,"archivedPath":null},"timestamp":1785742035649}
{"sessionId":"1208ff","hypothesisId":"E","location":"FileProcessingPipeline.java:process","message":"processing started","data":{"syncJobId":7,"path":"C:/staging/flights.csv"},"timestamp":1785742035664}
{"sessionId":"1208ff","hypothesisId":"E","location":"FileProcessingPipeline.java:process","message":"processing started","data":{"syncJobId":7,"path":"C:/staging/flights.csv"},"timestamp":1785742035720}
{"sessionId":"1208ff","hypothesisId":"E","location":"FileProcessingPipeline.java:process","message":"archive attempted","data":{"syncJobId":7,"archivedPath":"C:\\archive\\processed.csv"},"timestamp":1785742035722}
{"sessionId":"1208ff","hypothesisId":"E","location":"FileProcessingPipeline.java:process","message":"processing started","data":{"syncJobId":7,"path":"C:/staging/flights.csv"},"timestamp":1785742238114}
{"sessionId":"1208ff","hypothesisId":"E","location":"FileProcessingPipeline.java:process","message":"archive attempted","data":{"syncJobId":7,"archivedPath":"C:\\archive\\error\\duplicate.csv"},"timestamp":1785742238129}
{"sessionId":"1208ff","hypothesisId":"E","location":"FileProcessingPipeline.java:process","message":"processing started","data":{"syncJobId":7,"path":"C:/staging/flights.csv"},"timestamp":1785742238233}
{"sessionId":"1208ff","hypothesisId":"E","location":"FileProcessingPipeline.java:archiveSafely","message":"archive failed","data":{"error":"IOException","message":"archive unavailable"},"timestamp":1785742238237}
{"sessionId":"1208ff","hypothesisId":"E","location":"FileProcessingPipeline.java:process","message":"archive attempted","data":{"syncJobId":7,"archivedPath":null},"timestamp":1785742238238}
{"sessionId":"1208ff","hypothesisId":"E","location":"FileProcessingPipeline.java:process","message":"processing started","data":{"syncJobId":7,"path":"C:/staging/flights.csv"},"timestamp":1785742238254}
{"sessionId":"1208ff","hypothesisId":"E","location":"FileProcessingPipeline.java:process","message":"processing started","data":{"syncJobId":7,"path":"C:/staging/flights.csv"},"timestamp":1785742238313}
{"sessionId":"1208ff","hypothesisId":"E","location":"FileProcessingPipeline.java:process","message":"archive attempted","data":{"syncJobId":7,"archivedPath":"C:\\archive\\processed.csv"},"timestamp":1785742238314}
{"sessionId":"1208ff","hypothesisId":"C","location":"FileProcessingConsumer.java:onFileIngested","message":"message received","data":{"syncJobId":5,"path":"/tmp/a.csv"},"timestamp":1785742573637}
{"sessionId":"1208ff","hypothesisId":"E","location":"FileProcessingConsumer.java:onFileIngested","message":"pipeline completed","data":{"syncJobId":5},"timestamp":1785742573657}
{"sessionId":"1208ff","hypothesisId":"C","location":"FileProcessingConsumer.java:onFileIngested","message":"message received","data":{"syncJobId":5,"path":"/tmp/a.csv"},"timestamp":1785742573701}
{"sessionId":"1208ff","hypothesisId":"C","location":"FileProcessingConsumer.java:onFileIngested","message":"lock not acquired, skipping","data":{"syncJobId":5},"timestamp":1785742573702}
{"sessionId":"1208ff","hypothesisId":"E","location":"FileProcessingPipeline.java:process","message":"processing started","data":{"syncJobId":7,"path":"C:/staging/flights.csv"},"timestamp":1785742581453}
{"sessionId":"1208ff","hypothesisId":"E","location":"FileProcessingPipeline.java:process","message":"archive attempted","data":{"syncJobId":7,"archivedPath":"C:\\archive\\error\\duplicate.csv"},"timestamp":1785742581457}
{"sessionId":"1208ff","hypothesisId":"E","location":"FileProcessingPipeline.java:process","message":"processing started","data":{"syncJobId":7,"path":"C:/staging/flights.csv"},"timestamp":1785742581468}
{"sessionId":"1208ff","hypothesisId":"E","location":"FileProcessingPipeline.java:archiveSafely","message":"archive failed","data":{"error":"IOException","message":"archive unavailable"},"timestamp":1785742581470}
{"sessionId":"1208ff","hypothesisId":"E","location":"FileProcessingPipeline.java:process","message":"archive attempted","data":{"syncJobId":7,"archivedPath":null},"timestamp":1785742581470}
{"sessionId":"1208ff","hypothesisId":"E","location":"FileProcessingPipeline.java:process","message":"processing started","data":{"syncJobId":7,"path":"C:/staging/flights.csv"},"timestamp":1785742581477}
{"sessionId":"1208ff","hypothesisId":"E","location":"FileProcessingPipeline.java:process","message":"processing started","data":{"syncJobId":7,"path":"C:/staging/flights.csv"},"timestamp":1785742581499}
{"sessionId":"1208ff","hypothesisId":"E","location":"FileProcessingPipeline.java:process","message":"archive attempted","data":{"syncJobId":7,"archivedPath":"C:\\archive\\processed.csv"},"timestamp":1785742581499}
{"sessionId":"1208ff","hypothesisId":"C","location":"FileProcessingConsumer.java:onFileIngested","message":"message received","data":{"syncJobId":5,"path":"/tmp/a.csv"},"timestamp":1785752286039}
{"sessionId":"1208ff","hypothesisId":"E","location":"FileProcessingConsumer.java:onFileIngested","message":"pipeline completed","data":{"syncJobId":5},"timestamp":1785752286061}
{"sessionId":"1208ff","hypothesisId":"C","location":"FileProcessingConsumer.java:onFileIngested","message":"message received","data":{"syncJobId":5,"path":"/tmp/a.csv"},"timestamp":1785752286109}
{"sessionId":"1208ff","hypothesisId":"C","location":"FileProcessingConsumer.java:onFileIngested","message":"lock not acquired, skipping","data":{"syncJobId":5},"timestamp":1785752286109}
{"sessionId":"1208ff","hypothesisId":"E","location":"FileProcessingPipeline.java:process","message":"processing started","data":{"syncJobId":7,"path":"C:/staging/flights.csv"},"timestamp":1785752294313}
{"sessionId":"1208ff","hypothesisId":"E","location":"FileProcessingPipeline.java:process","message":"archive attempted","data":{"syncJobId":7,"archivedPath":"C:\\archive\\error\\duplicate.csv"},"timestamp":1785752294316}
{"sessionId":"1208ff","hypothesisId":"E","location":"FileProcessingPipeline.java:process","message":"processing started","data":{"syncJobId":7,"path":"C:/staging/flights.csv"},"timestamp":1785752294321}
{"sessionId":"1208ff","hypothesisId":"E","location":"FileProcessingPipeline.java:archiveSafely","message":"archive failed","data":{"error":"IOException","message":"archive unavailable"},"timestamp":1785752294325}
{"sessionId":"1208ff","hypothesisId":"E","location":"FileProcessingPipeline.java:process","message":"archive attempted","data":{"syncJobId":7,"archivedPath":null},"timestamp":1785752294325}
{"sessionId":"1208ff","hypothesisId":"E","location":"FileProcessingPipeline.java:process","message":"processing started","data":{"syncJobId":7,"path":"C:/staging/flights.csv"},"timestamp":1785752294332}
{"sessionId":"1208ff","hypothesisId":"E","location":"FileProcessingPipeline.java:process","message":"processing started","data":{"syncJobId":7,"path":"C:/staging/flights.csv"},"timestamp":1785752294350}
{"sessionId":"1208ff","hypothesisId":"E","location":"FileProcessingPipeline.java:process","message":"archive attempted","data":{"syncJobId":7,"archivedPath":"C:\\archive\\processed.csv"},"timestamp":1785752294351}
{"sessionId":"1208ff","hypothesisId":"C","location":"FileProcessingConsumer.java:onFileIngested","message":"message received","data":{"syncJobId":5,"path":"/tmp/a.csv"},"timestamp":1785752480878}
{"sessionId":"1208ff","hypothesisId":"E","location":"FileProcessingConsumer.java:onFileIngested","message":"pipeline completed","data":{"syncJobId":5},"timestamp":1785752480897}
{"sessionId":"1208ff","hypothesisId":"C","location":"FileProcessingConsumer.java:onFileIngested","message":"message received","data":{"syncJobId":5,"path":"/tmp/a.csv"},"timestamp":1785752480925}
{"sessionId":"1208ff","hypothesisId":"C","location":"FileProcessingConsumer.java:onFileIngested","message":"lock not acquired, skipping","data":{"syncJobId":5},"timestamp":1785752480925}
{"sessionId":"1208ff","hypothesisId":"E","location":"FileProcessingPipeline.java:process","message":"processing started","data":{"syncJobId":7,"path":"C:/staging/flights.csv"},"timestamp":1785752488822}
{"sessionId":"1208ff","hypothesisId":"E","location":"FileProcessingPipeline.java:process","message":"archive attempted","data":{"syncJobId":7,"archivedPath":"C:\\archive\\error\\duplicate.csv"},"timestamp":1785752488822}
{"sessionId":"1208ff","hypothesisId":"E","location":"FileProcessingPipeline.java:process","message":"processing started","data":{"syncJobId":7,"path":"C:/staging/flights.csv"},"timestamp":1785752488838}
{"sessionId":"1208ff","hypothesisId":"E","location":"FileProcessingPipeline.java:archiveSafely","message":"archive failed","data":{"error":"IOException","message":"archive unavailable"},"timestamp":1785752488838}
{"sessionId":"1208ff","hypothesisId":"E","location":"FileProcessingPipeline.java:process","message":"archive attempted","data":{"syncJobId":7,"archivedPath":null},"timestamp":1785752488838}
{"sessionId":"1208ff","hypothesisId":"E","location":"FileProcessingPipeline.java:process","message":"processing started","data":{"syncJobId":7,"path":"C:/staging/flights.csv"},"timestamp":1785752488838}
{"sessionId":"1208ff","hypothesisId":"E","location":"FileProcessingPipeline.java:process","message":"processing started","data":{"syncJobId":7,"path":"C:/staging/flights.csv"},"timestamp":1785752488869}
{"sessionId":"1208ff","hypothesisId":"E","location":"FileProcessingPipeline.java:process","message":"archive attempted","data":{"syncJobId":7,"archivedPath":"C:\\archive\\processed.csv"},"timestamp":1785752488869}
{"sessionId":"1208ff","hypothesisId":"C","location":"FileProcessingConsumer.java:onFileIngested","message":"message received","data":{"syncJobId":5,"path":"/tmp/a.csv"},"timestamp":1785809883720}
{"sessionId":"1208ff","hypothesisId":"E","location":"FileProcessingConsumer.java:onFileIngested","message":"pipeline completed","data":{"syncJobId":5},"timestamp":1785809883744}
{"sessionId":"1208ff","hypothesisId":"C","location":"FileProcessingConsumer.java:onFileIngested","message":"message received","data":{"syncJobId":5,"path":"/tmp/a.csv"},"timestamp":1785809883783}
{"sessionId":"1208ff","hypothesisId":"C","location":"FileProcessingConsumer.java:onFileIngested","message":"lock not acquired, skipping","data":{"syncJobId":5},"timestamp":1785809883785}
{"sessionId":"1208ff","hypothesisId":"E","location":"FileProcessingPipeline.java:process","message":"processing started","data":{"syncJobId":7,"path":"C:/staging/flights.csv"},"timestamp":1785809892403}
{"sessionId":"1208ff","hypothesisId":"E","location":"FileProcessingPipeline.java:process","message":"archive attempted","data":{"syncJobId":7,"archivedPath":"C:\\archive\\error\\duplicate.csv"},"timestamp":1785809892406}
{"sessionId":"1208ff","hypothesisId":"E","location":"FileProcessingPipeline.java:process","message":"processing started","data":{"syncJobId":7,"path":"C:/staging/flights.csv"},"timestamp":1785809892412}
{"sessionId":"1208ff","hypothesisId":"E","location":"FileProcessingPipeline.java:archiveSafely","message":"archive failed","data":{"error":"IOException","message":"archive unavailable"},"timestamp":1785809892414}
{"sessionId":"1208ff","hypothesisId":"E","location":"FileProcessingPipeline.java:process","message":"archive attempted","data":{"syncJobId":7,"archivedPath":null},"timestamp":1785809892414}
{"sessionId":"1208ff","hypothesisId":"E","location":"FileProcessingPipeline.java:process","message":"processing started","data":{"syncJobId":7,"path":"C:/staging/flights.csv"},"timestamp":1785809892422}
{"sessionId":"1208ff","hypothesisId":"E","location":"FileProcessingPipeline.java:process","message":"processing started","data":{"syncJobId":7,"path":"C:/staging/flights.csv"},"timestamp":1785809892444}
{"sessionId":"1208ff","hypothesisId":"E","location":"FileProcessingPipeline.java:process","message":"archive attempted","data":{"syncJobId":7,"archivedPath":"C:\\archive\\processed.csv"},"timestamp":1785809892444}
{"sessionId":"1208ff","hypothesisId":"C","location":"FileProcessingConsumer.java:onFileIngested","message":"message received","data":{"syncJobId":5,"path":"/tmp/a.csv"},"timestamp":1785809953056}
{"sessionId":"1208ff","hypothesisId":"E","location":"FileProcessingConsumer.java:onFileIngested","message":"pipeline completed","data":{"syncJobId":5},"timestamp":1785809953080}
{"sessionId":"1208ff","hypothesisId":"C","location":"FileProcessingConsumer.java:onFileIngested","message":"message received","data":{"syncJobId":5,"path":"/tmp/a.csv"},"timestamp":1785809953143}
{"sessionId":"1208ff","hypothesisId":"C","location":"FileProcessingConsumer.java:onFileIngested","message":"lock not acquired, skipping","data":{"syncJobId":5},"timestamp":1785809953143}
{"sessionId":"1208ff","hypothesisId":"E","location":"FileProcessingPipeline.java:process","message":"processing started","data":{"syncJobId":7,"path":"C:/staging/flights.csv"},"timestamp":1785809962232}
{"sessionId":"1208ff","hypothesisId":"E","location":"FileProcessingPipeline.java:process","message":"archive attempted","data":{"syncJobId":7,"archivedPath":"C:\\archive\\error\\duplicate.csv"},"timestamp":1785809962237}
{"sessionId":"1208ff","hypothesisId":"E","location":"FileProcessingPipeline.java:process","message":"processing started","data":{"syncJobId":7,"path":"C:/staging/flights.csv"},"timestamp":1785809962246}
{"sessionId":"1208ff","hypothesisId":"E","location":"FileProcessingPipeline.java:archiveSafely","message":"archive failed","data":{"error":"IOException","message":"archive unavailable"},"timestamp":1785809962248}
{"sessionId":"1208ff","hypothesisId":"E","location":"FileProcessingPipeline.java:process","message":"archive attempted","data":{"syncJobId":7,"archivedPath":null},"timestamp":1785809962249}
{"sessionId":"1208ff","hypothesisId":"E","location":"FileProcessingPipeline.java:process","message":"processing started","data":{"syncJobId":7,"path":"C:/staging/flights.csv"},"timestamp":1785809962258}
{"sessionId":"1208ff","hypothesisId":"E","location":"FileProcessingPipeline.java:process","message":"processing started","data":{"syncJobId":7,"path":"C:/staging/flights.csv"},"timestamp":1785809962279}
{"sessionId":"1208ff","hypothesisId":"E","location":"FileProcessingPipeline.java:process","message":"archive attempted","data":{"syncJobId":7,"archivedPath":"C:\\archive\\processed.csv"},"timestamp":1785809962279}
{"sessionId":"1208ff","hypothesisId":"C","location":"FileProcessingConsumer.java:onFileIngested","message":"message received","data":{"syncJobId":5,"path":"/tmp/a.csv"},"timestamp":1785822661743}
{"sessionId":"1208ff","hypothesisId":"E","location":"FileProcessingConsumer.java:onFileIngested","message":"pipeline completed","data":{"syncJobId":5},"timestamp":1785822661771}
{"sessionId":"1208ff","hypothesisId":"C","location":"FileProcessingConsumer.java:onFileIngested","message":"message received","data":{"syncJobId":5,"path":"/tmp/a.csv"},"timestamp":1785822661842}
{"sessionId":"1208ff","hypothesisId":"C","location":"FileProcessingConsumer.java:onFileIngested","message":"lock not acquired, skipping","data":{"syncJobId":5},"timestamp":1785822661842}
{"sessionId":"1208ff","hypothesisId":"E","location":"FileProcessingPipeline.java:process","message":"processing started","data":{"syncJobId":7,"path":"C:/staging/flights.csv"},"timestamp":1785822671934}
{"sessionId":"1208ff","hypothesisId":"E","location":"FileProcessingPipeline.java:process","message":"archive attempted","data":{"syncJobId":7,"archivedPath":"C:\\archive\\error\\duplicate.csv"},"timestamp":1785822671940}
{"sessionId":"1208ff","hypothesisId":"E","location":"FileProcessingPipeline.java:process","message":"processing started","data":{"syncJobId":7,"path":"C:/staging/flights.csv"},"timestamp":1785822671948}
{"sessionId":"1208ff","hypothesisId":"E","location":"FileProcessingPipeline.java:archiveSafely","message":"archive failed","data":{"error":"IOException","message":"archive unavailable"},"timestamp":1785822671951}
{"sessionId":"1208ff","hypothesisId":"E","location":"FileProcessingPipeline.java:process","message":"archive attempted","data":{"syncJobId":7,"archivedPath":null},"timestamp":1785822671951}
{"sessionId":"1208ff","hypothesisId":"E","location":"FileProcessingPipeline.java:process","message":"processing started","data":{"syncJobId":7,"path":"C:/staging/flights.csv"},"timestamp":1785822671951}
{"sessionId":"1208ff","hypothesisId":"E","location":"FileProcessingPipeline.java:process","message":"processing started","data":{"syncJobId":7,"path":"C:/staging/flights.csv"},"timestamp":1785822671982}
{"sessionId":"1208ff","hypothesisId":"E","location":"FileProcessingPipeline.java:process","message":"archive attempted","data":{"syncJobId":7,"archivedPath":"C:\\archive\\processed.csv"},"timestamp":1785822671983}
{"sessionId":"1208ff","hypothesisId":"C","location":"FileProcessingConsumer.java:onFileIngested","message":"message received","data":{"syncJobId":5,"path":"/tmp/a.csv"},"timestamp":1785836981915}
{"sessionId":"1208ff","hypothesisId":"E","location":"FileProcessingConsumer.java:onFileIngested","message":"pipeline completed","data":{"syncJobId":5},"timestamp":1785836981948}
{"sessionId":"1208ff","hypothesisId":"C","location":"FileProcessingConsumer.java:onFileIngested","message":"message received","data":{"syncJobId":5,"path":"/tmp/a.csv"},"timestamp":1785836982000}
{"sessionId":"1208ff","hypothesisId":"C","location":"FileProcessingConsumer.java:onFileIngested","message":"lock not acquired, skipping","data":{"syncJobId":5},"timestamp":1785836982000}
{"sessionId":"1208ff","hypothesisId":"E","location":"FileProcessingPipeline.java:process","message":"processing started","data":{"syncJobId":7,"path":"C:/staging/flights.csv"},"timestamp":1785836991948}
{"sessionId":"1208ff","hypothesisId":"E","location":"FileProcessingPipeline.java:process","message":"archive attempted","data":{"syncJobId":7,"archivedPath":"C:\\archive\\error\\duplicate.csv"},"timestamp":1785836991954}
{"sessionId":"1208ff","hypothesisId":"E","location":"FileProcessingPipeline.java:process","message":"processing started","data":{"syncJobId":7,"path":"C:/staging/flights.csv"},"timestamp":1785836991963}
{"sessionId":"1208ff","hypothesisId":"E","location":"FileProcessingPipeline.java:archiveSafely","message":"archive failed","data":{"error":"IOException","message":"archive unavailable"},"timestamp":1785836991964}
{"sessionId":"1208ff","hypothesisId":"E","location":"FileProcessingPipeline.java:process","message":"archive attempted","data":{"syncJobId":7,"archivedPath":null},"timestamp":1785836991964}
{"sessionId":"1208ff","hypothesisId":"E","location":"FileProcessingPipeline.java:process","message":"processing started","data":{"syncJobId":7,"path":"C:/staging/flights.csv"},"timestamp":1785836991972}
{"sessionId":"1208ff","hypothesisId":"E","location":"FileProcessingPipeline.java:process","message":"processing started","data":{"syncJobId":7,"path":"C:/staging/flights.csv"},"timestamp":1785836991992}
{"sessionId":"1208ff","hypothesisId":"E","location":"FileProcessingPipeline.java:process","message":"archive attempted","data":{"syncJobId":7,"archivedPath":"C:\\archive\\processed.csv"},"timestamp":1785836991992}
{"sessionId":"1208ff","hypothesisId":"C","location":"FileProcessingConsumer.java:onFileIngested","message":"message received","data":{"syncJobId":5,"path":"/tmp/a.csv"},"timestamp":1785921853479}
{"sessionId":"1208ff","hypothesisId":"E","location":"FileProcessingConsumer.java:onFileIngested","message":"pipeline completed","data":{"syncJobId":5},"timestamp":1785921853512}
{"sessionId":"1208ff","hypothesisId":"C","location":"FileProcessingConsumer.java:onFileIngested","message":"message received","data":{"syncJobId":5,"path":"/tmp/a.csv"},"timestamp":1785921853538}
{"sessionId":"1208ff","hypothesisId":"C","location":"FileProcessingConsumer.java:onFileIngested","message":"lock not acquired, skipping","data":{"syncJobId":5},"timestamp":1785921853539}
{"sessionId":"1208ff","hypothesisId":"E","location":"FileProcessingPipeline.java:process","message":"processing started","data":{"syncJobId":7,"path":"C:/staging/flights.csv"},"timestamp":1785921865465}
{"sessionId":"1208ff","hypothesisId":"E","location":"FileProcessingPipeline.java:process","message":"archive attempted","data":{"syncJobId":7,"archivedPath":"C:\\archive\\error\\duplicate.csv"},"timestamp":1785921865470}
{"sessionId":"1208ff","hypothesisId":"E","location":"FileProcessingPipeline.java:process","message":"processing started","data":{"syncJobId":7,"path":"C:/staging/flights.csv"},"timestamp":1785921865485}
{"sessionId":"1208ff","hypothesisId":"E","location":"FileProcessingPipeline.java:archiveSafely","message":"archive failed","data":{"error":"IOException","message":"archive unavailable"},"timestamp":1785921865488}
{"sessionId":"1208ff","hypothesisId":"E","location":"FileProcessingPipeline.java:process","message":"archive attempted","data":{"syncJobId":7,"archivedPath":null},"timestamp":1785921865488}
{"sessionId":"1208ff","hypothesisId":"E","location":"FileProcessingPipeline.java:process","message":"processing started","data":{"syncJobId":7,"path":"C:/staging/flights.csv"},"timestamp":1785921865502}
{"sessionId":"1208ff","hypothesisId":"E","location":"FileProcessingPipeline.java:process","message":"processing started","data":{"syncJobId":7,"path":"C:/staging/flights.csv"},"timestamp":1785921865540}
{"sessionId":"1208ff","hypothesisId":"E","location":"FileProcessingPipeline.java:process","message":"archive attempted","data":{"syncJobId":7,"archivedPath":"C:\\archive\\processed.csv"},"timestamp":1785921865541}
{"sessionId":"1208ff","hypothesisId":"C","location":"FileProcessingConsumer.java:onFileIngested","message":"message received","data":{"syncJobId":5,"path":"/tmp/a.csv"},"timestamp":1785932070493}
{"sessionId":"1208ff","hypothesisId":"E","location":"FileProcessingConsumer.java:onFileIngested","message":"pipeline completed","data":{"syncJobId":5},"timestamp":1785932070528}
{"sessionId":"1208ff","hypothesisId":"C","location":"FileProcessingConsumer.java:onFileIngested","message":"message received","data":{"syncJobId":5,"path":"/tmp/a.csv"},"timestamp":1785932070573}
{"sessionId":"1208ff","hypothesisId":"C","location":"FileProcessingConsumer.java:onFileIngested","message":"lock not acquired, skipping","data":{"syncJobId":5},"timestamp":1785932070573}
{"sessionId":"1208ff","hypothesisId":"E","location":"FileProcessingPipeline.java:process","message":"processing started","data":{"syncJobId":7,"path":"C:/staging/flights.csv"},"timestamp":1785932081240}
{"sessionId":"1208ff","hypothesisId":"E","location":"FileProcessingPipeline.java:process","message":"archive attempted","data":{"syncJobId":7,"archivedPath":"C:\\archive\\error\\duplicate.csv"},"timestamp":1785932081243}
{"sessionId":"1208ff","hypothesisId":"E","location":"FileProcessingPipeline.java:process","message":"processing started","data":{"syncJobId":7,"path":"C:/staging/flights.csv"},"timestamp":1785932081251}
{"sessionId":"1208ff","hypothesisId":"E","location":"FileProcessingPipeline.java:archiveSafely","message":"archive failed","data":{"error":"IOException","message":"archive unavailable"},"timestamp":1785932081252}
{"sessionId":"1208ff","hypothesisId":"E","location":"FileProcessingPipeline.java:process","message":"archive attempted","data":{"syncJobId":7,"archivedPath":null},"timestamp":1785932081252}
{"sessionId":"1208ff","hypothesisId":"E","location":"FileProcessingPipeline.java:process","message":"processing started","data":{"syncJobId":7,"path":"C:/staging/flights.csv"},"timestamp":1785932081259}
{"sessionId":"1208ff","hypothesisId":"E","location":"FileProcessingPipeline.java:process","message":"processing started","data":{"syncJobId":7,"path":"C:/staging/flights.csv"},"timestamp":1785932081285}
{"sessionId":"1208ff","hypothesisId":"E","location":"FileProcessingPipeline.java:process","message":"archive attempted","data":{"syncJobId":7,"archivedPath":"C:\\archive\\processed.csv"},"timestamp":1785932081285}
