{"sessionId":"1208ff","hypothesisId":"A","location":"IngestScheduler.java:runCycle","message":"ingest cycle completed","data":{"budget":100,"filesystemIngested":100,"emailIngested":0},"timestamp":1785731062024}
{"sessionId":"1208ff","hypothesisId":"A","location":"IngestScheduler.java:runCycle","message":"ingest cycle completed","data":{"budget":100,"filesystemIngested":40,"emailIngested":10},"timestamp":1785731062035}
{"sessionId":"1208ff","hypothesisId":"D","location":"FileSystemIngestService.java:ingestFile","message":"duplicate hash skipped","data":{"file":"retry.csv","hash":"75ddb967ca6125212be894186fa965786d3808ffc80d64d79e6d9787286b467e"},"timestamp":1785731062733}
{"sessionId":"1208ff","hypothesisId":"B","location":"FileSystemIngestService.java:ingestFile","message":"published ingest event","data":{"syncJobId":1,"path":"C:\\Users\\QT\\AppData\\Local\\Temp\\junit-3449806602797013848\\data.json"},"timestamp":1785731062754}
{"sessionId":"1208ff","hypothesisId":"B","location":"FileSystemIngestService.java:ingestFile","message":"published ingest event","data":{"syncJobId":1,"path":"C:\\Users\\QT\\AppData\\Local\\Temp\\junit-4533366371003029866\\flight.csv"},"timestamp":1785731062764}
{"sessionId":"1208ff","hypothesisId":"B","location":"FileSystemIngestService.java:ingestFile","message":"published ingest event","data":{"syncJobId":1,"path":"C:\\Users\\QT\\AppData\\Local\\Temp\\junit-3815151654560052650\\a.csv"},"timestamp":1785731062776}
{"sessionId":"1208ff","hypothesisId":"D","location":"FileSystemIngestService.java:ingestFile","message":"duplicate hash skipped","data":{"file":"dup.csv","hash":"98cb3a7aa449ad739bf7680f4a6bf97c873fa3fe1cf0891279b1e772d3e20753"},"timestamp":1785731062792}
{"sessionId":"1208ff","hypothesisId":"B","location":"IngestPublisher.java:publish","message":"publishing to rabbit","data":{"exchange":"file.ingested","routingKey":"file.processing","syncJobId":42},"timestamp":1785731062941}
{"sessionId":"1208ff","hypothesisId":"B","location":"IngestPublisher.java:publish","message":"publishing to rabbit","data":{"exchange":"file.ingested","routingKey":"file.processing","syncJobId":1},"timestamp":1785731062948}
{"sessionId":"1208ff","hypothesisId":"A","location":"IngestScheduler.java:runCycle","message":"legacy ingest cycle completed","data":{"budget":100,"filesystemIngested":100,"emailIngested":0},"timestamp":1785921707320}
{"sessionId":"1208ff","hypothesisId":"A","location":"IngestScheduler.java:runCycle","message":"legacy ingest cycle completed","data":{"budget":100,"filesystemIngested":40,"emailIngested":10},"timestamp":1785921707380}
{"sessionId":"1208ff","hypothesisId":"A","location":"IngestScheduler.java:runCycle","message":"ingest cycle completed","data":{"mode":"EMAIL","budget":25,"filesystemIngested":0,"emailIngested":0},"timestamp":1785922937071}
{"sessionId":"1208ff","hypothesisId":"A","location":"IngestScheduler.java:runCycle","message":"legacy ingest cycle completed","data":{"budget":100,"filesystemIngested":100,"emailIngested":0},"timestamp":1785922937131}
{"sessionId":"1208ff","hypothesisId":"A","location":"IngestScheduler.java:runCycle","message":"legacy ingest cycle completed","data":{"budget":100,"filesystemIngested":40,"emailIngested":10},"timestamp":1785922937141}
{"sessionId":"1208ff","hypothesisId":"A","location":"IngestScheduler.java:runCycle","message":"ingest cycle completed","data":{"mode":"FOLDER","budget":25,"filesystemIngested":0,"emailIngested":0},"timestamp":1785922937153}
{"sessionId":"1208ff","hypothesisId":"A","location":"IngestScheduler.java:runCycle","message":"ingest cycle completed","data":{"mode":"EMAIL","budget":25,"filesystemIngested":0,"emailIngested":0},"timestamp":1785924082204}
{"sessionId":"1208ff","hypothesisId":"A","location":"IngestScheduler.java:runCycle","message":"legacy ingest cycle completed","data":{"budget":100,"filesystemIngested":100,"emailIngested":0},"timestamp":1785924082265}
{"sessionId":"1208ff","hypothesisId":"A","location":"IngestScheduler.java:runCycle","message":"legacy ingest cycle completed","data":{"budget":100,"filesystemIngested":40,"emailIngested":10},"timestamp":1785924082274}
{"sessionId":"1208ff","hypothesisId":"A","location":"IngestScheduler.java:runCycle","message":"ingest cycle completed","data":{"mode":"FOLDER","budget":25,"filesystemIngested":0,"emailIngested":0},"timestamp":1785924082286}
{"sessionId":"1208ff","hypothesisId":"A","location":"IngestScheduler.java:runCycle","message":"ingest cycle completed","data":{"mode":"BOTH","budget":25,"filesystemIngested":0,"emailIngested":0},"timestamp":1785983064022}
{"sessionId":"1208ff","hypothesisId":"A","location":"IngestScheduler.java:runCycle","message":"ingest cycle completed","data":{"mode":"EMAIL","budget":25,"filesystemIngested":0,"emailIngested":0},"timestamp":1785983064092}
{"sessionId":"1208ff","hypothesisId":"A","location":"IngestScheduler.java:runCycle","message":"legacy ingest cycle completed","data":{"budget":100,"filesystemIngested":100,"emailIngested":0},"timestamp":1785983064103}
{"sessionId":"1208ff","hypothesisId":"A","location":"IngestScheduler.java:runCycle","message":"legacy ingest cycle completed","data":{"budget":100,"filesystemIngested":40,"emailIngested":10},"timestamp":1785983064106}
{"sessionId":"1208ff","hypothesisId":"A","location":"IngestScheduler.java:runCycle","message":"ingest cycle completed","data":{"mode":"FOLDER","budget":25,"filesystemIngested":0,"emailIngested":0},"timestamp":1785983064132}
{"sessionId":"1208ff","hypothesisId":"A","location":"IngestScheduler.java:runCycle","message":"ingest cycle completed","data":{"mode":"BOTH","budget":25,"filesystemIngested":0,"emailIngested":0},"timestamp":1785983094597}
{"sessionId":"1208ff","hypothesisId":"A","location":"IngestScheduler.java:runCycle","message":"ingest cycle completed","data":{"mode":"EMAIL","budget":25,"filesystemIngested":0,"emailIngested":0},"timestamp":1785983094688}
{"sessionId":"1208ff","hypothesisId":"A","location":"IngestScheduler.java:runCycle","message":"legacy ingest cycle completed","data":{"budget":100,"filesystemIngested":100,"emailIngested":0},"timestamp":1785983094700}
{"sessionId":"1208ff","hypothesisId":"A","location":"IngestScheduler.java:runCycle","message":"legacy ingest cycle completed","data":{"budget":100,"filesystemIngested":40,"emailIngested":10},"timestamp":1785983094707}
{"sessionId":"1208ff","hypothesisId":"A","location":"IngestScheduler.java:runCycle","message":"ingest cycle completed","data":{"mode":"FOLDER","budget":25,"filesystemIngested":0,"emailIngested":0},"timestamp":1785983094730}
{"sessionId":"1208ff","hypothesisId":"D","location":"FileSystemIngestService.java:ingestFile","message":"duplicate hash skipped","data":{"file":"retry.csv","hash":"75ddb967ca6125212be894186fa965786d3808ffc80d64d79e6d9787286b467e"},"timestamp":1785987573505}
{"sessionId":"1208ff","hypothesisId":"B","location":"FileSystemIngestService.java:ingestFile","message":"published ingest event","data":{"syncJobId":1,"path":"C:\\Users\\QT\\AppData\\Local\\Temp\\junit-11437217104440097501\\data.json"},"timestamp":1785987573654}
{"sessionId":"1208ff","hypothesisId":"B","location":"FileSystemIngestService.java:ingestFile","message":"published ingest event","data":{"syncJobId":1,"path":"C:\\Users\\QT\\AppData\\Local\\Temp\\junit-2830753606511965463\\flight.csv"},"timestamp":1785987573679}
{"sessionId":"1208ff","hypothesisId":"B","location":"FileSystemIngestService.java:ingestFile","message":"published ingest event","data":{"syncJobId":1,"path":"C:\\Users\\QT\\AppData\\Local\\Temp\\junit-16664556945251573487\\a.csv"},"timestamp":1785987573704}
{"sessionId":"1208ff","hypothesisId":"D","location":"FileSystemIngestService.java:ingestFile","message":"duplicate hash skipped","data":{"file":"dup.csv","hash":"98cb3a7aa449ad739bf7680f4a6bf97c873fa3fe1cf0891279b1e772d3e20753"},"timestamp":1785987573728}
